[backblue.gif]
[fade.gif]
[index.html]
[localhost/solomon/index.html]
[localhost/solomon/feed/index.html]
[localhost/solomon/xmlrpc.php]
[localhost/solomon/comments/feed/index.html]
[localhost/solomon/wp-content/plugins/widget-options/assets/css/widget-options.css]
[localhost/solomon/wp-content/themes/total/css/animate5152.css]
[localhost/solomon/wp-content/themes/total/js/SmoothScroll84e2.js]
[localhost/solomon/wp-includes/js/jquery/jqueryb8ff.js]
[localhost/solomon/wp-includes/js/jquery/jquery-migrate.min330a.js]
[localhost/solomon/wp-includes/js/imagesloaded.min55a0.js]
[localhost/solomon/wp-content/themes/total/js/jquery.stellar84e2.js]
[localhost/solomon/wp-content/plugins/js_composer/assets/lib/bower/font-awesome/css/font-awesome.min0147.css]
[localhost/solomon/wp-includes/wlwmanifest.xml]
[localhost/solomon/wp-json/index.html]
[localhost/solomon/xmlrpc0db0.php]
[localhost/solomon/wp-json/oembed/1.0/embedc0a3.json]
[localhost/solomon/wp-json/oembed/1.0/embedb913]
[localhost/solomon/wp-content/uploads/2018/09/IMG_20180905_150743-150x150.jpg]
[localhost/solomon/wp-content/themes/total/css/owl.carousel3ba1.css]
[localhost/solomon/wp-content/themes/total/js/jquery.nav84e2.js]
[localhost/solomon/wp-content/themes/total/css/nivo-lightbox3ba1.css]
[localhost/solomon/wp-content/themes/total/js/owl.carousel84e2.js]
[localhost/solomon/wp-content/themes/total/css/superfish3ba1.css]
[localhost/solomon/wp-content/themes/total/js/isotope.pkgd84e2.js]
[localhost/solomon/wp-content/themes/total/js/nivo-lightbox84e2.js]
[localhost/solomon/wp-content/themes/total/style5152.css]
[localhost/solomon/wp-content/themes/total/js/superfish84e2.js]
[localhost/solomon/wp-content/themes/total/js/odometer84e2.js]
[localhost/solomon/wp-content/themes/total/js/wow84e2.js]
[localhost/solomon/wp-content/plugins/js_composer/assets/css/js_composer.min0147.css]
[localhost/solomon/wp-content/themes/total/js/total-custom60c6.js]
[localhost/solomon/wp-content/themes/total/js/waypoint84e2.js]
[localhost/solomon/wp-includes/js/wp-embed.min5010.js]
[localhost/solomon/about-me/index.html]
[localhost/solomon/experience/index.html]
[localhost/solomon/wp-content/plugins/js_composer/assets/lib/bower/font-awesome/fonts/fontawesome-webfontd41d.eot]
[localhost/solomon/wp-content/plugins/js_composer/assets/lib/bower/font-awesome/fonts/fontawesome-webfont3295.eot]
[localhost/solomon/wp-content/plugins/js_composer/assets/js/dist/js_composer_front.min0147.js]
[localhost/solomon/contact/index.html]
[localhost/solomon/wp-content/plugins/js_composer/assets/lib/bower/font-awesome/fonts/fontawesome-webfont3295.woff]
[localhost/solomon/wp-content/plugins/js_composer/assets/lib/bower/font-awesome/fonts/fontawesome-webfont3295.html]
[localhost/solomon/wp-content/plugins/js_composer/assets/lib/bower/font-awesome/fonts/fontawesome-webfont3295.ttf]
[localhost/solomon/wp-content/themes/total/images/arrow.png]
[localhost/solomon/wp-content/plugins/js_composer/assets/lib/bower/font-awesome/fonts/fontawesome-webfont3295.svg]
[localhost/solomon/wp-content/themes/total/css/owl.video.play.html]
[localhost/solomon/wp-content/themes/total/images/next.png]
[localhost/solomon/wp-content/themes/total/images/prev.png]
[localhost/solomon/wp-content/plugins/js_composer/assets/vc/alert.png]
[localhost/solomon/wp-content/themes/total/images/footer-bg.jpg]
[localhost/solomon/wp-content/plugins/js_composer/assets/vc/tick.png]
[localhost/solomon/wp-content/plugins/js_composer/assets/vc/info.png]
[localhost/solomon/wp-content/plugins/js_composer/assets/images/icons/address-book.png]
[localhost/solomon/wp-content/plugins/js_composer/assets/vc/exclamation.png]
[localhost/solomon/wp-content/plugins/js_composer/assets/images/icons/anchor.png]
[localhost/solomon/wp-content/plugins/js_composer/assets/images/icons/alarm-clock.png]
[localhost/solomon/wp-content/plugins/js_composer/assets/images/icons/arrow.png]
[localhost/solomon/wp-content/plugins/js_composer/assets/images/icons/application-image.png]
[localhost/solomon/wp-content/plugins/js_composer/assets/images/icons/auction-hammer.png]
[localhost/solomon/wp-content/plugins/js_composer/assets/images/icons/asterisk.png]
[localhost/solomon/wp-content/plugins/js_composer/assets/images/icons/balloon-buzz.png]
[localhost/solomon/wp-content/plugins/js_composer/assets/images/icons/balloon.png]
[localhost/solomon/wp-content/plugins/js_composer/assets/images/icons/balloon-twitter.png]
[localhost/solomon/wp-content/plugins/js_composer/assets/images/icons/balloon-facebook.png]
[localhost/solomon/wp-content/plugins/js_composer/assets/images/icons/binocular.png]
[localhost/solomon/wp-content/plugins/js_composer/assets/images/icons/battery-full.png]
[localhost/solomon/wp-content/plugins/js_composer/assets/images/icons/blue-document-image.png]
[localhost/solomon/wp-content/plugins/js_composer/assets/images/icons/blue-document-excel.png]
[localhost/solomon/wp-content/plugins/js_composer/assets/images/icons/blue-document-office.png]
[localhost/solomon/wp-content/plugins/js_composer/assets/images/icons/blue-document-music.png]
[localhost/solomon/wp-content/plugins/js_composer/assets/images/icons/blue-document-powerpoint.png]
[localhost/solomon/wp-content/plugins/js_composer/assets/images/icons/blue-document-pdf.png]
[localhost/solomon/wp-content/plugins/js_composer/assets/images/icons/bookmark.png]
[localhost/solomon/wp-content/plugins/js_composer/assets/images/icons/blue-document-word.png]
[localhost/solomon/wp-content/plugins/js_composer/assets/images/icons/camera.png]
[localhost/solomon/wp-content/plugins/js_composer/assets/images/icons/camcorder.png]
[localhost/solomon/wp-content/plugins/js_composer/assets/images/icons/chart-pie.png]
[localhost/solomon/wp-content/plugins/js_composer/assets/images/icons/chart.png]
[localhost/solomon/wp-content/plugins/js_composer/assets/images/icons/control.png]
[localhost/solomon/wp-content/plugins/js_composer/assets/images/icons/clock.png]
[localhost/solomon/wp-content/plugins/js_composer/assets/images/icons/heart.png]
[localhost/solomon/wp-content/plugins/js_composer/assets/images/icons/fire.png]
[localhost/solomon/wp-content/plugins/js_composer/assets/images/icons/plus-shield.png]
[localhost/solomon/wp-content/plugins/js_composer/assets/images/icons/mail.png]
[localhost/solomon/wp-content/plugins/js_composer/assets/images/toggle_open.png]
[localhost/solomon/wp-content/plugins/js_composer/assets/images/icons/video.png]
[localhost/solomon/wp-content/plugins/js_composer/assets/images/flickr.png]
[localhost/solomon/wp-content/plugins/js_composer/assets/images/toggle_close.png]
[localhost/solomon/wp-content/plugins/js_composer/assets/fonts/vc_grid/vc_grid_v1d41d.eot]
[localhost/solomon/wp-content/plugins/js_composer/assets/fonts/vc_grid/vc_grid_v157a1.eot]
[localhost/solomon/wp-content/plugins/js_composer/assets/fonts/vc_grid/vc_grid_v157a1.ttf]
[localhost/solomon/wp-content/plugins/js_composer/assets/fonts/vc_grid/vc_grid_v157a1.woff]
[localhost/solomon/wp-content/plugins/js_composer/assets/fonts/vc_grid/vc_grid_v157a1.svg]
[localhost/solomon/index2dc4.html]
[localhost/solomon/wp-json/oembed/1.0/embedae3f.json]
[localhost/solomon/wp-json/oembed/1.0/embedc87a]
[localhost/solomon/wp-json/oembed/1.0/embed8575.json]
[localhost/solomon/author/solomon/index.html]
[localhost/solomon/2018/09/06/69/index.html]
[localhost/solomon/wp-json/oembed/1.0/embed2488]
[localhost/solomon/author/solomon/feed/index.html]
[localhost/solomon/index341b.html]
[localhost/solomon/2018/09/06/69/feed/index.html]
[localhost/solomon/wp-includes/js/comment-reply.min5010.js]
[localhost/solomon/indexe2dc.html]
[localhost/solomon/wp-content/plugins/akismet/_inc/forma871.js]
[localhost/solomon/wp-json/oembed/1.0/embeddd0b.json]
[localhost/solomon/wp-json/oembed/1.0/embed04e6]
